2025-12-05 18:29:20,947 - INFO - ================================================================================
2025-12-05 18:29:20,947 - INFO - PERMUTATION ANALYSIS V3 - RESULT AGGREGATOR
2025-12-05 18:29:20,947 - INFO - ================================================================================

2025-12-05 18:29:21,563 - INFO -  Downloading results from gs://patient-concordance-permutation-v3/results/
2025-12-05 18:29:23,857 - INFO - Found 2948 result files

Downloading:   0%|          | 0/2948 [00:00<?, ?it/s]
Downloading:   0%|          | 1/2948 [00:00<08:20,  5.88it/s]
Downloading:   0%|          | 2/2948 [00:00<09:22,  5.24it/s]
Downloading:   0%|          | 3/2948 [00:00<09:17,  5.29it/s]
Downloading:   0%|          | 4/2948 [00:00<12:14,  4.01it/s]
Downloading:   0%|          | 5/2948 [00:01<10:55,  4.49it/s]
Downloading:   0%|          | 6/2948 [00:01<10:24,  4.71it/s]
Downloading:   0%|          | 7/2948 [00:01<10:12,  4.80it/s]
Downloading:   0%|          | 8/2948 [00:01<10:05,  4.86it/s]
Downloading:   0%|          | 9/2948 [00:01<09:37,  5.09it/s]
Downloading:   0%|          | 10/2948 [00:02<09:29,  5.16it/s]
Downloading:   0%|          | 11/2948 [00:02<09:45,  5.01it/s]
Downloading:   0%|          | 12/2948 [00:02<09:20,  5.24it/s]
Downloading:   0%|          | 13/2948 [00:02<09:01,  5.42it/s]
Downloading:   0%|          | 14/2948 [00:02<08:57,  5.46it/s]
Downloading:   1%|          | 15/2948 [00:02<08:46,  5.57it/s]
Downloading:   1%|          | 16/2948 [00:03<09:10,  5.33it/s]
Downloading:   1%|          | 17/2948 [00:03<09:07,  5.36it/s]
Downloading:   1%|          | 18/2948 [00:03<09:15,  5.28it/s]
Downloading:   1%|          | 19/2948 [00:03<09:12,  5.30it/s]
Downloading:   1%|          | 20/2948 [00:03<09:15,  5.27it/s]
Downloading:   1%|          | 21/2948 [00:04<09:15,  5.27it/s]
Downloading:   1%|          | 22/2948 [00:04<09:22,  5.20it/s]
Downloading:   1%|          | 23/2948 [00:04<09:11,  5.30it/s]
Downloading:   1%|          | 24/2948 [00:04<09:01,  5.40it/s]
Downloading:   1%|          | 25/2948 [00:04<09:18,  5.24it/s]
Downloading:   1%|          | 26/2948 [00:05<09:19,  5.22it/s]
Downloading:   1%|          | 27/2948 [00:05<09:34,  5.09it/s]
Downloading:   1%|          | 28/2948 [00:05<09:19,  5.22it/s]
Downloading:   1%|          | 29/2948 [00:05<11:30,  4.22it/s]
Downloading:   1%|          | 30/2948 [00:05<11:02,  4.40it/s]
Downloading:   1%|          | 31/2948 [00:06<10:37,  4.57it/s]
Downloading:   1%|          | 32/2948 [00:06<10:14,  4.75it/s]
Downloading:   1%|          | 33/2948 [00:06<09:29,  5.12it/s]
Downloading:   1%|          | 34/2948 [00:06<09:31,  5.10it/s]
Downloading:   1%|          | 35/2948 [00:06<09:34,  5.07it/s]
Downloading:   1%|          | 36/2948 [00:07<09:32,  5.09it/s]
Downloading:   1%|▏         | 37/2948 [00:07<09:38,  5.03it/s]
Downloading:   1%|▏         | 38/2948 [00:07<09:21,  5.19it/s]
Downloading:   1%|▏         | 39/2948 [00:07<09:11,  5.27it/s]
Downloading:   1%|▏         | 40/2948 [00:07<08:51,  5.47it/s]
Downloading:   1%|▏         | 41/2948 [00:08<09:27,  5.12it/s]
Downloading:   1%|▏         | 42/2948 [00:08<09:28,  5.12it/s]
Downloading:   1%|▏         | 43/2948 [00:08<09:23,  5.15it/s]
Downloading:   1%|▏         | 44/2948 [00:08<09:02,  5.35it/s]
Downloading:   2%|▏         | 45/2948 [00:08<09:07,  5.30it/s]
Downloading:   2%|▏         | 46/2948 [00:09<09:18,  5.19it/s]
Downloading:   2%|▏         | 47/2948 [00:09<09:51,  4.90it/s]
Downloading:   2%|▏         | 48/2948 [00:09<09:19,  5.18it/s]
Downloading:   2%|▏         | 49/2948 [00:09<09:30,  5.08it/s]
Downloading:   2%|▏         | 50/2948 [00:09<09:20,  5.17it/s]
Downloading:   2%|▏         | 51/2948 [00:10<09:34,  5.04it/s]
Downloading:   2%|▏         | 52/2948 [00:10<09:19,  5.18it/s]
Downloading:   2%|▏         | 53/2948 [00:10<09:19,  5.17it/s]
Downloading:   2%|▏         | 54/2948 [00:10<09:07,  5.29it/s]
Downloading:   2%|▏         | 55/2948 [00:10<09:14,  5.21it/s]
Downloading:   2%|▏         | 56/2948 [00:10<09:16,  5.20it/s]
Downloading:   2%|▏         | 57/2948 [00:11<08:43,  5.52it/s]
Downloading:   2%|▏         | 58/2948 [00:11<08:45,  5.50it/s]
Downloading:   2%|▏         | 59/2948 [00:11<08:52,  5.43it/s]
Downloading:   2%|▏         | 60/2948 [00:11<09:10,  5.25it/s]
Downloading:   2%|▏         | 61/2948 [00:11<08:58,  5.36it/s]
Downloading:   2%|▏         | 62/2948 [00:12<08:51,  5.43it/s]
Downloading:   2%|▏         | 63/2948 [00:12<08:38,  5.56it/s]
Downloading:   2%|▏         | 64/2948 [00:12<08:42,  5.52it/s]
Downloading:   2%|▏         | 65/2948 [00:12<09:50,  4.88it/s]
Downloading:   2%|▏         | 66/2948 [00:12<09:30,  5.05it/s]
Downloading:   2%|▏         | 67/2948 [00:13<09:06,  5.28it/s]
Downloading:   2%|▏         | 68/2948 [00:13<09:08,  5.25it/s]
Downloading:   2%|▏         | 69/2948 [00:13<08:58,  5.34it/s]
Downloading:   2%|▏         | 70/2948 [00:13<09:07,  5.25it/s]
Downloading:   2%|▏         | 71/2948 [00:13<09:14,  5.19it/s]
Downloading:   2%|▏         | 72/2948 [00:14<09:19,  5.14it/s]
Downloading:   2%|▏         | 73/2948 [00:14<09:16,  5.17it/s]
Downloading:   3%|▎         | 74/2948 [00:14<08:33,  5.60it/s]
Downloading:   3%|▎         | 75/2948 [00:14<09:01,  5.30it/s]
Downloading:   3%|▎         | 76/2948 [00:14<08:23,  5.70it/s]
Downloading:   3%|▎         | 77/2948 [00:14<08:41,  5.50it/s]
Downloading:   3%|▎         | 78/2948 [00:15<08:42,  5.49it/s]
Downloading:   3%|▎         | 79/2948 [00:15<08:35,  5.56it/s]
Downloading:   3%|▎         | 80/2948 [00:15<08:32,  5.60it/s]
Downloading:   3%|▎         | 81/2948 [00:15<08:48,  5.43it/s]
Downloading:   3%|▎         | 82/2948 [00:15<09:00,  5.30it/s]
Downloading:   3%|▎         | 83/2948 [00:16<09:13,  5.18it/s]
Downloading:   3%|▎         | 84/2948 [00:16<09:01,  5.29it/s]
Downloading:   3%|▎         | 85/2948 [00:16<08:53,  5.37it/s]
Downloading:   3%|▎         | 86/2948 [00:16<08:25,  5.66it/s]
Downloading:   3%|▎         | 87/2948 [00:16<09:43,  4.90it/s]
Downloading:   3%|▎         | 88/2948 [00:16<09:19,  5.11it/s]
Downloading:   3%|▎         | 89/2948 [00:17<09:01,  5.28it/s]
Downloading:   3%|▎         | 90/2948 [00:17<09:03,  5.26it/s]
Downloading:   3%|▎         | 91/2948 [00:17<09:30,  5.01it/s]
Downloading:   3%|▎         | 92/2948 [00:17<10:09,  4.69it/s]
Downloading:   3%|▎         | 93/2948 [00:18<09:59,  4.77it/s]
Downloading:   3%|▎         | 94/2948 [00:18<09:45,  4.87it/s]
Downloading:   3%|▎         | 95/2948 [00:18<10:38,  4.47it/s]
Downloading:   3%|▎         | 96/2948 [00:18<11:50,  4.01it/s]
Downloading:   3%|▎         | 97/2948 [00:18<10:57,  4.34it/s]
Downloading:   3%|▎         | 98/2948 [00:19<12:16,  3.87it/s]
Downloading:   3%|▎         | 99/2948 [00:19<11:03,  4.30it/s]
Downloading:   3%|▎         | 100/2948 [00:19<10:49,  4.39it/s]
Downloading:   3%|▎         | 101/2948 [00:19<11:59,  3.96it/s]
Downloading:   3%|▎         | 102/2948 [00:20<10:58,  4.32it/s]
Downloading:   3%|▎         | 103/2948 [00:20<11:21,  4.17it/s]
Downloading:   4%|▎         | 104/2948 [00:20<10:39,  4.45it/s]
Downloading:   4%|▎         | 105/2948 [00:20<11:38,  4.07it/s]
Downloading:   4%|▎         | 106/2948 [00:21<14:21,  3.30it/s]
Downloading:   4%|▎         | 107/2948 [00:21<12:49,  3.69it/s]
Downloading:   4%|▎         | 108/2948 [00:21<13:15,  3.57it/s]
Downloading:   4%|▎         | 109/2948 [00:22<11:39,  4.06it/s]
Downloading:   4%|▎         | 110/2948 [00:22<10:46,  4.39it/s]
Downloading:   4%|▍         | 111/2948 [00:22<10:23,  4.55it/s]
Downloading:   4%|▍         | 112/2948 [00:22<09:55,  4.76it/s]
Downloading:   4%|▍         | 113/2948 [00:22<11:18,  4.18it/s]
Downloading:   4%|▍         | 114/2948 [00:23<10:36,  4.45it/s]
Downloading:   4%|▍         | 115/2948 [00:23<09:57,  4.74it/s]
Downloading:   4%|▍         | 116/2948 [00:23<14:03,  3.36it/s]
Downloading:   4%|▍         | 117/2948 [00:23<12:10,  3.88it/s]
Downloading:   4%|▍         | 118/2948 [00:24<10:49,  4.36it/s]
Downloading:   4%|▍         | 119/2948 [00:24<12:01,  3.92it/s]
Downloading:   4%|▍         | 120/2948 [00:24<10:55,  4.32it/s]
Downloading:   4%|▍         | 121/2948 [00:24<10:09,  4.64it/s]
Downloading:   4%|▍         | 122/2948 [00:25<10:48,  4.36it/s]
Downloading:   4%|▍         | 123/2948 [00:25<10:33,  4.46it/s]
Downloading:   4%|▍         | 124/2948 [00:25<13:49,  3.40it/s]
Downloading:   4%|▍         | 125/2948 [00:25<12:03,  3.90it/s]
Downloading:   4%|▍         | 126/2948 [00:26<11:33,  4.07it/s]
Downloading:   4%|▍         | 127/2948 [00:26<11:00,  4.27it/s]
Downloading:   4%|▍         | 128/2948 [00:26<12:55,  3.64it/s]
Downloading:   4%|▍         | 129/2948 [00:26<11:32,  4.07it/s]
Downloading:   4%|▍         | 130/2948 [00:27<10:35,  4.44it/s]
Downloading:   4%|▍         | 131/2948 [00:27<10:18,  4.56it/s]
Downloading:   4%|▍         | 132/2948 [00:27<09:54,  4.74it/s]
Downloading:   5%|▍         | 133/2948 [00:27<11:00,  4.26it/s]
Downloading:   5%|▍         | 134/2948 [00:27<10:09,  4.61it/s]
Downloading:   5%|▍         | 135/2948 [00:28<09:41,  4.84it/s]
Downloading:   5%|▍         | 136/2948 [00:28<11:34,  4.05it/s]
Downloading:   5%|▍         | 137/2948 [00:28<14:10,  3.31it/s]
Downloading:   5%|▍         | 138/2948 [00:29<13:48,  3.39it/s]
Downloading:   5%|▍         | 139/2948 [00:29<12:03,  3.88it/s]
Downloading:   5%|▍         | 140/2948 [00:29<13:20,  3.51it/s]
Downloading:   5%|▍         | 141/2948 [00:29<11:43,  3.99it/s]
Downloading:   5%|▍         | 142/2948 [00:30<13:03,  3.58it/s]
Downloading:   5%|▍         | 143/2948 [00:30<12:02,  3.88it/s]
Downloading:   5%|▍         | 144/2948 [00:30<12:08,  3.85it/s]
Downloading:   5%|▍         | 145/2948 [00:30<11:12,  4.17it/s]
Downloading:   5%|▍         | 146/2948 [00:31<11:27,  4.07it/s]
Downloading:   5%|▍         | 147/2948 [00:31<11:34,  4.04it/s]
Downloading:   5%|▌         | 148/2948 [00:31<10:32,  4.43it/s]
Downloading:   5%|▌         | 149/2948 [00:31<13:26,  3.47it/s]
Downloading:   5%|▌         | 150/2948 [00:32<12:23,  3.76it/s]
Downloading:   5%|▌         | 151/2948 [00:32<12:41,  3.67it/s]
Downloading:   5%|▌         | 152/2948 [00:32<14:52,  3.13it/s]
Downloading:   5%|▌         | 153/2948 [00:33<12:50,  3.63it/s]
Downloading:   5%|▌         | 154/2948 [00:33<11:07,  4.18it/s]
Downloading:   5%|▌         | 155/2948 [00:33<10:13,  4.55it/s]
Downloading:   5%|▌         | 156/2948 [00:33<09:29,  4.90it/s]
Downloading:   5%|▌         | 157/2948 [00:33<09:14,  5.04it/s]
Downloading:   5%|▌         | 158/2948 [00:33<08:56,  5.20it/s]
Downloading:   5%|▌         | 159/2948 [00:34<11:04,  4.20it/s]
Downloading:   5%|▌         | 160/2948 [00:34<10:10,  4.57it/s]
Downloading:   5%|▌         | 161/2948 [00:34<11:05,  4.19it/s]
Downloading:   5%|▌         | 162/2948 [00:34<10:41,  4.35it/s]
Downloading:   6%|▌         | 163/2948 [00:35<10:04,  4.61it/s]
Downloading:   6%|▌         | 164/2948 [00:35<10:36,  4.37it/s]
Downloading:   6%|▌         | 165/2948 [00:35<10:11,  4.55it/s]
Downloading:   6%|▌         | 166/2948 [00:35<10:03,  4.61it/s]
Downloading:   6%|▌         | 167/2948 [00:36<11:30,  4.03it/s]
Downloading:   6%|▌         | 168/2948 [00:36<12:13,  3.79it/s]
Downloading:   6%|▌         | 169/2948 [00:36<11:01,  4.20it/s]
Downloading:   6%|▌         | 170/2948 [00:36<11:20,  4.08it/s]
Downloading:   6%|▌         | 171/2948 [00:37<11:02,  4.19it/s]
Downloading:   6%|▌         | 172/2948 [00:37<10:19,  4.48it/s]
Downloading:   6%|▌         | 173/2948 [00:37<11:20,  4.08it/s]
Downloading:   6%|▌         | 174/2948 [00:37<10:08,  4.56it/s]
Downloading:   6%|▌         | 175/2948 [00:37<09:44,  4.74it/s]
Downloading:   6%|▌         | 176/2948 [00:38<09:09,  5.04it/s]
Downloading:   6%|▌         | 177/2948 [00:38<09:01,  5.11it/s]
Downloading:   6%|▌         | 178/2948 [00:38<10:28,  4.41it/s]
Downloading:   6%|▌         | 179/2948 [00:38<09:50,  4.69it/s]
Downloading:   6%|▌         | 180/2948 [00:39<11:36,  3.98it/s]
Downloading:   6%|▌         | 181/2948 [00:39<10:50,  4.26it/s]
Downloading:   6%|▌         | 182/2948 [00:39<11:44,  3.93it/s]
Downloading:   6%|▌         | 183/2948 [00:39<10:35,  4.35it/s]
Downloading:   6%|▌         | 184/2948 [00:40<16:37,  2.77it/s]
Downloading:   6%|▋         | 185/2948 [00:40<14:20,  3.21it/s]
Downloading:   6%|▋         | 186/2948 [00:41<17:02,  2.70it/s]
Downloading:   6%|▋         | 187/2948 [00:41<14:30,  3.17it/s]
Downloading:   6%|▋         | 188/2948 [00:41<17:03,  2.70it/s]
Downloading:   6%|▋         | 189/2948 [00:41<14:24,  3.19it/s]
Downloading:   6%|▋         | 190/2948 [00:42<16:50,  2.73it/s]
Downloading:   6%|▋         | 191/2948 [00:42<14:14,  3.23it/s]
Downloading:   7%|▋         | 192/2948 [00:43<17:00,  2.70it/s]
Downloading:   7%|▋         | 193/2948 [00:43<14:34,  3.15it/s]
Downloading:   7%|▋         | 194/2948 [00:43<17:27,  2.63it/s]
Downloading:   7%|▋         | 195/2948 [00:44<15:07,  3.03it/s]
Downloading:   7%|▋         | 196/2948 [00:44<17:29,  2.62it/s]
Downloading:   7%|▋         | 197/2948 [00:44<14:45,  3.11it/s]
Downloading:   7%|▋         | 198/2948 [00:45<17:03,  2.69it/s]
Downloading:   7%|▋         | 199/2948 [00:45<14:24,  3.18it/s]
Downloading:   7%|▋         | 200/2948 [00:45<17:40,  2.59it/s]
Downloading:   7%|▋         | 201/2948 [00:46<16:29,  2.78it/s]
Downloading:   7%|▋         | 202/2948 [00:46<14:05,  3.25it/s]
Downloading:   7%|▋         | 203/2948 [00:46<13:09,  3.48it/s]
Downloading:   7%|▋         | 204/2948 [00:46<11:59,  3.81it/s]
Downloading:   7%|▋         | 205/2948 [00:47<10:48,  4.23it/s]
Downloading:   7%|▋         | 206/2948 [00:47<10:25,  4.39it/s]
Downloading:   7%|▋         | 207/2948 [00:47<09:53,  4.62it/s]
Downloading:   7%|▋         | 208/2948 [00:47<12:49,  3.56it/s]
Downloading:   7%|▋         | 209/2948 [00:48<11:50,  3.85it/s]
Downloading:   7%|▋         | 210/2948 [00:48<11:12,  4.07it/s]
Downloading:   7%|▋         | 211/2948 [00:48<11:09,  4.09it/s]
Downloading:   7%|▋         | 212/2948 [00:48<10:21,  4.40it/s]
Downloading:   7%|▋         | 213/2948 [00:48<10:05,  4.52it/s]
Downloading:   7%|▋         | 214/2948 [00:49<09:04,  5.02it/s]
Downloading:   7%|▋         | 215/2948 [00:49<10:55,  4.17it/s]
Downloading:   7%|▋         | 216/2948 [00:49<10:03,  4.53it/s]
Downloading:   7%|▋         | 217/2948 [00:49<09:53,  4.60it/s]
Downloading:   7%|▋         | 218/2948 [00:50<09:37,  4.73it/s]
Downloading:   7%|▋         | 219/2948 [00:50<09:39,  4.71it/s]
Downloading:   7%|▋         | 220/2948 [00:50<11:45,  3.87it/s]
Downloading:   7%|▋         | 221/2948 [00:50<10:45,  4.22it/s]
Downloading:   8%|▊         | 222/2948 [00:51<11:00,  4.13it/s]
Downloading:   8%|▊         | 223/2948 [00:51<10:25,  4.35it/s]
Downloading:   8%|▊         | 224/2948 [00:51<10:00,  4.53it/s]
Downloading:   8%|▊         | 225/2948 [00:51<10:46,  4.21it/s]
Downloading:   8%|▊         | 226/2948 [00:51<10:12,  4.44it/s]
Downloading:   8%|▊         | 227/2948 [00:52<10:07,  4.48it/s]
Downloading:   8%|▊         | 228/2948 [00:52<09:49,  4.61it/s]
Downloading:   8%|▊         | 229/2948 [00:52<10:32,  4.30it/s]
Downloading:   8%|▊         | 230/2948 [00:52<10:32,  4.30it/s]
Downloading:   8%|▊         | 231/2948 [00:53<09:40,  4.68it/s]
Downloading:   8%|▊         | 232/2948 [00:53<08:57,  5.05it/s]
Downloading:   8%|▊         | 233/2948 [00:53<08:45,  5.17it/s]
Downloading:   8%|▊         | 234/2948 [00:53<08:40,  5.22it/s]
Downloading:   8%|▊         | 235/2948 [00:53<08:38,  5.23it/s]
Downloading:   8%|▊         | 236/2948 [00:53<08:29,  5.33it/s]
Downloading:   8%|▊         | 237/2948 [00:54<08:20,  5.42it/s]
Downloading:   8%|▊         | 238/2948 [00:54<08:20,  5.41it/s]
Downloading:   8%|▊         | 239/2948 [00:54<08:38,  5.22it/s]
Downloading:   8%|▊         | 240/2948 [00:54<08:41,  5.19it/s]
Downloading:   8%|▊         | 241/2948 [00:54<09:01,  5.00it/s]
Downloading:   8%|▊         | 242/2948 [00:55<10:13,  4.41it/s]
Downloading:   8%|▊         | 243/2948 [00:55<09:47,  4.60it/s]
Downloading:   8%|▊         | 244/2948 [00:55<09:57,  4.53it/s]
Downloading:   8%|▊         | 245/2948 [00:55<09:26,  4.77it/s]
Downloading:   8%|▊         | 246/2948 [00:55<09:01,  4.99it/s]
Downloading:   8%|▊         | 247/2948 [00:56<09:55,  4.53it/s]
Downloading:   8%|▊         | 248/2948 [00:56<10:37,  4.24it/s]
Downloading:   8%|▊         | 249/2948 [00:56<10:19,  4.35it/s]
Downloading:   8%|▊         | 250/2948 [00:56<10:28,  4.29it/s]
Downloading:   9%|▊         | 251/2948 [00:57<10:01,  4.49it/s]
Downloading:   9%|▊         | 252/2948 [00:57<09:40,  4.64it/s]
Downloading:   9%|▊         | 253/2948 [00:57<09:08,  4.92it/s]
Downloading:   9%|▊         | 254/2948 [00:57<10:20,  4.34it/s]
Downloading:   9%|▊         | 255/2948 [00:58<09:39,  4.65it/s]
Downloading:   9%|▊         | 256/2948 [00:58<09:01,  4.97it/s]
Downloading:   9%|▊         | 257/2948 [00:58<08:58,  4.99it/s]
Downloading:   9%|▉         | 258/2948 [00:58<09:18,  4.82it/s]
Downloading:   9%|▉         | 259/2948 [00:58<09:56,  4.51it/s]
Downloading:   9%|▉         | 260/2948 [00:59<09:32,  4.69it/s]
Downloading:   9%|▉         | 261/2948 [00:59<09:17,  4.82it/s]
Downloading:   9%|▉         | 262/2948 [00:59<10:25,  4.30it/s]
Downloading:   9%|▉         | 263/2948 [00:59<09:57,  4.49it/s]
Downloading:   9%|▉         | 264/2948 [00:59<09:37,  4.65it/s]
Downloading:   9%|▉         | 265/2948 [01:00<09:25,  4.74it/s]
Downloading:   9%|▉         | 266/2948 [01:00<11:31,  3.88it/s]
Downloading:   9%|▉         | 267/2948 [01:00<12:39,  3.53it/s]
Downloading:   9%|▉         | 268/2948 [01:01<11:16,  3.96it/s]
Downloading:   9%|▉         | 269/2948 [01:01<10:10,  4.39it/s]
Downloading:   9%|▉         | 270/2948 [01:01<09:04,  4.92it/s]
Downloading:   9%|▉         | 271/2948 [01:01<09:32,  4.67it/s]
Downloading:   9%|▉         | 272/2948 [01:01<08:45,  5.10it/s]
Downloading:   9%|▉         | 273/2948 [01:02<10:37,  4.19it/s]
Downloading:   9%|▉         | 274/2948 [01:02<09:36,  4.64it/s]
Downloading:   9%|▉         | 275/2948 [01:02<08:49,  5.05it/s]
Downloading:   9%|▉         | 276/2948 [01:02<09:29,  4.69it/s]
Downloading:   9%|▉         | 277/2948 [01:02<09:15,  4.81it/s]
Downloading:   9%|▉         | 278/2948 [01:03<10:23,  4.28it/s]
Downloading:   9%|▉         | 279/2948 [01:03<09:40,  4.60it/s]
Downloading:   9%|▉         | 280/2948 [01:03<09:24,  4.72it/s]
Downloading:  10%|▉         | 281/2948 [01:03<09:42,  4.58it/s]
Downloading:  10%|▉         | 282/2948 [01:03<09:28,  4.69it/s]
Downloading:  10%|▉         | 283/2948 [01:04<08:47,  5.06it/s]
Downloading:  10%|▉         | 284/2948 [01:04<08:24,  5.28it/s]
Downloading:  10%|▉         | 285/2948 [01:04<08:01,  5.54it/s]
Downloading:  10%|▉         | 286/2948 [01:04<08:20,  5.32it/s]
Downloading:  10%|▉         | 287/2948 [01:04<08:27,  5.25it/s]
Downloading:  10%|▉         | 288/2948 [01:05<08:23,  5.29it/s]
Downloading:  10%|▉         | 289/2948 [01:05<09:14,  4.80it/s]
Downloading:  10%|▉         | 290/2948 [01:05<08:50,  5.01it/s]
Downloading:  10%|▉         | 291/2948 [01:05<10:54,  4.06it/s]
Downloading:  10%|▉         | 292/2948 [01:05<09:45,  4.54it/s]
Downloading:  10%|▉         | 293/2948 [01:06<09:28,  4.67it/s]
Downloading:  10%|▉         | 294/2948 [01:06<08:56,  4.94it/s]
Downloading:  10%|█         | 295/2948 [01:06<08:34,  5.16it/s]
Downloading:  10%|█         | 296/2948 [01:06<08:02,  5.49it/s]
Downloading:  10%|█         | 297/2948 [01:06<07:59,  5.53it/s]
Downloading:  10%|█         | 298/2948 [01:07<07:41,  5.75it/s]
Downloading:  10%|█         | 299/2948 [01:07<07:30,  5.87it/s]
Downloading:  10%|█         | 300/2948 [01:07<07:32,  5.85it/s]
Downloading:  10%|█         | 301/2948 [01:07<08:27,  5.21it/s]
Downloading:  10%|█         | 302/2948 [01:07<08:47,  5.01it/s]
Downloading:  10%|█         | 303/2948 [01:07<08:22,  5.26it/s]
Downloading:  10%|█         | 304/2948 [01:08<08:04,  5.46it/s]
Downloading:  10%|█         | 305/2948 [01:08<07:54,  5.57it/s]
Downloading:  10%|█         | 306/2948 [01:08<07:49,  5.62it/s]
Downloading:  10%|█         | 307/2948 [01:08<07:33,  5.83it/s]
Downloading:  10%|█         | 308/2948 [01:08<07:12,  6.11it/s]
Downloading:  10%|█         | 309/2948 [01:08<07:32,  5.83it/s]
Downloading:  11%|█         | 310/2948 [01:09<07:29,  5.86it/s]
Downloading:  11%|█         | 311/2948 [01:09<07:20,  5.99it/s]
Downloading:  11%|█         | 312/2948 [01:09<07:20,  5.99it/s]
Downloading:  11%|█         | 313/2948 [01:09<07:22,  5.95it/s]
Downloading:  11%|█         | 314/2948 [01:09<08:28,  5.18it/s]
Downloading:  11%|█         | 315/2948 [01:10<08:19,  5.27it/s]
Downloading:  11%|█         | 316/2948 [01:10<08:09,  5.38it/s]
Downloading:  11%|█         | 317/2948 [01:10<08:04,  5.43it/s]
Downloading:  11%|█         | 318/2948 [01:10<08:12,  5.34it/s]
Downloading:  11%|█         | 319/2948 [01:10<08:19,  5.26it/s]
Downloading:  11%|█         | 320/2948 [01:11<08:19,  5.26it/s]
Downloading:  11%|█         | 321/2948 [01:11<08:01,  5.46it/s]
Downloading:  11%|█         | 322/2948 [01:11<08:00,  5.47it/s]
Downloading:  11%|█         | 323/2948 [01:11<07:49,  5.59it/s]
Downloading:  11%|█         | 324/2948 [01:11<07:57,  5.49it/s]
Downloading:  11%|█         | 325/2948 [01:11<08:41,  5.03it/s]
Downloading:  11%|█         | 326/2948 [01:12<08:23,  5.21it/s]
Downloading:  11%|█         | 327/2948 [01:12<08:26,  5.18it/s]
Downloading:  11%|█         | 328/2948 [01:12<08:03,  5.42it/s]
Downloading:  11%|█         | 329/2948 [01:12<07:56,  5.49it/s]
Downloading:  11%|█         | 330/2948 [01:12<08:15,  5.29it/s]
Downloading:  11%|█         | 331/2948 [01:13<07:44,  5.63it/s]
Downloading:  11%|█▏        | 332/2948 [01:13<08:05,  5.39it/s]
Downloading:  11%|█▏        | 333/2948 [01:13<08:05,  5.39it/s]
Downloading:  11%|█▏        | 334/2948 [01:13<08:06,  5.38it/s]
Downloading:  11%|█▏        | 335/2948 [01:13<08:06,  5.37it/s]
Downloading:  11%|█▏        | 336/2948 [01:13<07:45,  5.61it/s]
Downloading:  11%|█▏        | 337/2948 [01:14<07:45,  5.60it/s]
Downloading:  11%|█▏        | 338/2948 [01:14<07:21,  5.91it/s]
Downloading:  11%|█▏        | 339/2948 [01:14<08:44,  4.97it/s]
Downloading:  12%|█▏        | 340/2948 [01:14<08:30,  5.11it/s]
Downloading:  12%|█▏        | 341/2948 [01:14<08:27,  5.14it/s]
Downloading:  12%|█▏        | 342/2948 [01:15<08:19,  5.22it/s]
Downloading:  12%|█▏        | 343/2948 [01:15<07:52,  5.52it/s]
Downloading:  12%|█▏        | 344/2948 [01:15<07:53,  5.50it/s]
Downloading:  12%|█▏        | 345/2948 [01:15<08:02,  5.39it/s]
Downloading:  12%|█▏        | 346/2948 [01:15<07:48,  5.56it/s]
Downloading:  12%|█▏        | 347/2948 [01:16<07:41,  5.64it/s]
Downloading:  12%|█▏        | 348/2948 [01:16<09:36,  4.51it/s]
Downloading:  12%|█▏        | 349/2948 [01:16<08:51,  4.89it/s]
Downloading:  12%|█▏        | 350/2948 [01:16<09:46,  4.43it/s]
Downloading:  12%|█▏        | 351/2948 [01:16<08:56,  4.84it/s]
Downloading:  12%|█▏        | 352/2948 [01:17<08:52,  4.88it/s]
Downloading:  12%|█▏        | 353/2948 [01:17<08:52,  4.88it/s]
Downloading:  12%|█▏        | 354/2948 [01:17<08:29,  5.09it/s]
Downloading:  12%|█▏        | 355/2948 [01:17<08:39,  4.99it/s]
Downloading:  12%|█▏        | 356/2948 [01:17<08:46,  4.92it/s]
Downloading:  12%|█▏        | 357/2948 [01:18<08:27,  5.10it/s]
Downloading:  12%|█▏        | 358/2948 [01:18<09:22,  4.61it/s]
Downloading:  12%|█▏        | 359/2948 [01:18<08:41,  4.97it/s]
Downloading:  12%|█▏        | 360/2948 [01:18<08:34,  5.03it/s]
Downloading:  12%|█▏        | 361/2948 [01:18<08:21,  5.15it/s]
Downloading:  12%|█▏        | 362/2948 [01:19<07:58,  5.40it/s]
Downloading:  12%|█▏        | 363/2948 [01:19<07:54,  5.45it/s]
Downloading:  12%|█▏        | 364/2948 [01:19<08:08,  5.29it/s]
Downloading:  12%|█▏        | 365/2948 [01:19<08:21,  5.15it/s]
Downloading:  12%|█▏        | 366/2948 [01:19<08:08,  5.28it/s]
Downloading:  12%|█▏        | 367/2948 [01:20<08:13,  5.23it/s]
Downloading:  12%|█▏        | 368/2948 [01:20<07:48,  5.51it/s]
Downloading:  13%|█▎        | 369/2948 [01:20<07:49,  5.49it/s]
Downloading:  13%|█▎        | 370/2948 [01:20<07:35,  5.66it/s]
Downloading:  13%|█▎        | 371/2948 [01:20<08:01,  5.35it/s]
Downloading:  13%|█▎        | 372/2948 [01:20<07:43,  5.56it/s]
Downloading:  13%|█▎        | 373/2948 [01:21<07:41,  5.58it/s]
Downloading:  13%|█▎        | 374/2948 [01:21<07:32,  5.69it/s]
Downloading:  13%|█▎        | 375/2948 [01:21<07:40,  5.58it/s]
Downloading:  13%|█▎        | 376/2948 [01:21<07:31,  5.70it/s]
Downloading:  13%|█▎        | 377/2948 [01:21<07:33,  5.67it/s]
Downloading:  13%|█▎        | 378/2948 [01:21<07:32,  5.67it/s]
Downloading:  13%|█▎        | 379/2948 [01:22<07:27,  5.74it/s]
Downloading:  13%|█▎        | 380/2948 [01:22<07:33,  5.66it/s]
Downloading:  13%|█▎        | 381/2948 [01:22<07:43,  5.53it/s]
Downloading:  13%|█▎        | 382/2948 [01:22<07:36,  5.63it/s]
Downloading:  13%|█▎        | 383/2948 [01:22<07:59,  5.35it/s]
Downloading:  13%|█▎        | 384/2948 [01:23<09:12,  4.64it/s]
Downloading:  13%|█▎        | 385/2948 [01:23<09:11,  4.65it/s]
Downloading:  13%|█▎        | 386/2948 [01:23<09:10,  4.65it/s]
Downloading:  13%|█▎        | 387/2948 [01:23<08:53,  4.80it/s]
Downloading:  13%|█▎        | 388/2948 [01:23<08:38,  4.93it/s]
Downloading:  13%|█▎        | 389/2948 [01:24<08:13,  5.18it/s]
Downloading:  13%|█▎        | 390/2948 [01:24<08:26,  5.05it/s]
Downloading:  13%|█▎        | 391/2948 [01:24<08:10,  5.21it/s]
Downloading:  13%|█▎        | 392/2948 [01:24<07:49,  5.45it/s]
Downloading:  13%|█▎        | 393/2948 [01:24<07:49,  5.44it/s]
Downloading:  13%|█▎        | 394/2948 [01:25<07:40,  5.55it/s]
Downloading:  13%|█▎        | 395/2948 [01:25<08:06,  5.25it/s]
Downloading:  13%|█▎        | 396/2948 [01:25<07:52,  5.40it/s]
Downloading:  13%|█▎        | 397/2948 [01:25<07:35,  5.61it/s]
Downloading:  14%|█▎        | 398/2948 [01:25<07:47,  5.45it/s]
Downloading:  14%|█▎        | 399/2948 [01:25<07:30,  5.66it/s]
Downloading:  14%|█▎        | 400/2948 [01:26<07:10,  5.92it/s]
Downloading:  14%|█▎        | 401/2948 [01:26<07:23,  5.74it/s]
Downloading:  14%|█▎        | 402/2948 [01:26<07:48,  5.44it/s]
Downloading:  14%|█▎        | 403/2948 [01:26<08:11,  5.18it/s]
Downloading:  14%|█▎        | 404/2948 [01:26<08:13,  5.16it/s]
Downloading:  14%|█▎        | 405/2948 [01:27<08:24,  5.04it/s]
Downloading:  14%|█▍        | 406/2948 [01:27<08:19,  5.09it/s]
Downloading:  14%|█▍        | 407/2948 [01:27<07:53,  5.37it/s]
Downloading:  14%|█▍        | 408/2948 [01:27<09:41,  4.37it/s]
Downloading:  14%|█▍        | 409/2948 [01:28<09:20,  4.53it/s]
Downloading:  14%|█▍        | 410/2948 [01:28<08:46,  4.82it/s]
Downloading:  14%|█▍        | 411/2948 [01:28<08:17,  5.10it/s]
Downloading:  14%|█▍        | 412/2948 [01:28<09:05,  4.65it/s]
Downloading:  14%|█▍        | 413/2948 [01:28<09:03,  4.66it/s]
Downloading:  14%|█▍        | 414/2948 [01:29<08:36,  4.91it/s]
Downloading:  14%|█▍        | 415/2948 [01:29<08:24,  5.02it/s]
Downloading:  14%|█▍        | 416/2948 [01:29<08:04,  5.23it/s]
Downloading:  14%|█▍        | 417/2948 [01:29<08:10,  5.16it/s]
Downloading:  14%|█▍        | 418/2948 [01:29<08:30,  4.96it/s]
Downloading:  14%|█▍        | 419/2948 [01:29<08:21,  5.05it/s]
Downloading:  14%|█▍        | 420/2948 [01:30<08:29,  4.96it/s]
Downloading:  14%|█▍        | 421/2948 [01:30<08:23,  5.02it/s]
Downloading:  14%|█▍        | 422/2948 [01:30<08:15,  5.10it/s]
Downloading:  14%|█▍        | 423/2948 [01:30<08:11,  5.14it/s]
Downloading:  14%|█▍        | 424/2948 [01:30<08:12,  5.12it/s]
Downloading:  14%|█▍        | 425/2948 [01:31<08:08,  5.17it/s]
Downloading:  14%|█▍        | 426/2948 [01:31<08:00,  5.24it/s]
Downloading:  14%|█▍        | 427/2948 [01:31<07:55,  5.30it/s]
Downloading:  15%|█▍        | 428/2948 [01:31<07:58,  5.26it/s]
Downloading:  15%|█▍        | 429/2948 [01:31<07:49,  5.37it/s]
Downloading:  15%|█▍        | 430/2948 [01:32<07:57,  5.28it/s]
Downloading:  15%|█▍        | 431/2948 [01:32<07:35,  5.53it/s]
Downloading:  15%|█▍        | 432/2948 [01:32<07:45,  5.40it/s]
Downloading:  15%|█▍        | 433/2948 [01:32<07:57,  5.27it/s]
Downloading:  15%|█▍        | 434/2948 [01:32<07:55,  5.29it/s]
Downloading:  15%|█▍        | 435/2948 [01:33<08:08,  5.14it/s]
Downloading:  15%|█▍        | 436/2948 [01:33<07:53,  5.31it/s]
Downloading:  15%|█▍        | 437/2948 [01:33<07:54,  5.29it/s]
Downloading:  15%|█▍        | 438/2948 [01:33<07:48,  5.36it/s]
Downloading:  15%|█▍        | 439/2948 [01:33<07:42,  5.43it/s]
Downloading:  15%|█▍        | 440/2948 [01:33<07:36,  5.49it/s]
Downloading:  15%|█▍        | 441/2948 [01:34<07:52,  5.30it/s]
Downloading:  15%|█▍        | 442/2948 [01:34<07:15,  5.75it/s]
Downloading:  15%|█▌        | 443/2948 [01:34<07:20,  5.69it/s]
Downloading:  15%|█▌        | 444/2948 [01:34<07:19,  5.70it/s]
Downloading:  15%|█▌        | 445/2948 [01:34<09:06,  4.58it/s]
Downloading:  15%|█▌        | 446/2948 [01:35<08:27,  4.93it/s]
Downloading:  15%|█▌        | 447/2948 [01:35<08:28,  4.92it/s]
Downloading:  15%|█▌        | 448/2948 [01:35<08:13,  5.07it/s]
Downloading:  15%|█▌        | 449/2948 [01:35<08:12,  5.07it/s]
Downloading:  15%|█▌        | 450/2948 [01:35<08:16,  5.03it/s]
Downloading:  15%|█▌        | 451/2948 [01:36<08:08,  5.11it/s]
Downloading:  15%|█▌        | 452/2948 [01:36<08:02,  5.17it/s]
Downloading:  15%|█▌        | 453/2948 [01:36<08:11,  5.08it/s]
Downloading:  15%|█▌        | 454/2948 [01:36<08:14,  5.05it/s]
Downloading:  15%|█▌        | 455/2948 [01:36<08:26,  4.92it/s]
Downloading:  15%|█▌        | 456/2948 [01:37<08:34,  4.84it/s]
Downloading:  16%|█▌        | 457/2948 [01:37<08:37,  4.81it/s]
Downloading:  16%|█▌        | 458/2948 [01:37<08:11,  5.06it/s]
Downloading:  16%|█▌        | 459/2948 [01:37<08:14,  5.03it/s]
Downloading:  16%|█▌        | 460/2948 [01:37<07:58,  5.19it/s]
Downloading:  16%|█▌        | 461/2948 [01:38<08:01,  5.16it/s]
Downloading:  16%|█▌        | 462/2948 [01:38<07:49,  5.30it/s]
Downloading:  16%|█▌        | 463/2948 [01:38<07:37,  5.43it/s]
Downloading:  16%|█▌        | 464/2948 [01:38<07:41,  5.38it/s]
Downloading:  16%|█▌        | 465/2948 [01:38<07:49,  5.29it/s]
Downloading:  16%|█▌        | 466/2948 [01:39<07:42,  5.37it/s]
Downloading:  16%|█▌        | 467/2948 [01:39<07:35,  5.44it/s]
Downloading:  16%|█▌        | 468/2948 [01:39<08:32,  4.84it/s]
Downloading:  16%|█▌        | 469/2948 [01:39<08:31,  4.84it/s]
Downloading:  16%|█▌        | 470/2948 [01:39<08:38,  4.78it/s]
Downloading:  16%|█▌        | 471/2948 [01:40<08:10,  5.05it/s]
Downloading:  16%|█▌        | 472/2948 [01:40<08:09,  5.06it/s]
Downloading:  16%|█▌        | 473/2948 [01:40<07:33,  5.46it/s]
Downloading:  16%|█▌        | 474/2948 [01:40<07:31,  5.48it/s]
Downloading:  16%|█▌        | 475/2948 [01:40<07:13,  5.71it/s]
Downloading:  16%|█▌        | 476/2948 [01:40<07:07,  5.79it/s]
Downloading:  16%|█▌        | 477/2948 [01:41<07:25,  5.55it/s]
Downloading:  16%|█▌        | 478/2948 [01:41<07:51,  5.24it/s]
Downloading:  16%|█▌        | 479/2948 [01:41<07:41,  5.35it/s]
Downloading:  16%|█▋        | 480/2948 [01:41<07:34,  5.43it/s]
Downloading:  16%|█▋        | 481/2948 [01:41<07:05,  5.80it/s]
Downloading:  16%|█▋        | 482/2948 [01:42<07:22,  5.57it/s]
Downloading:  16%|█▋        | 483/2948 [01:42<07:29,  5.49it/s]
Downloading:  16%|█▋        | 484/2948 [01:42<08:00,  5.13it/s]
Downloading:  16%|█▋        | 485/2948 [01:42<07:55,  5.18it/s]
Downloading:  16%|█▋        | 486/2948 [01:42<07:29,  5.48it/s]
Downloading:  17%|█▋        | 487/2948 [01:42<07:35,  5.40it/s]
Downloading:  17%|█▋        | 488/2948 [01:43<07:50,  5.22it/s]
Downloading:  17%|█▋        | 489/2948 [01:43<08:27,  4.84it/s]
Downloading:  17%|█▋        | 490/2948 [01:43<08:13,  4.98it/s]
Downloading:  17%|█▋        | 491/2948 [01:43<08:11,  5.00it/s]
Downloading:  17%|█▋        | 492/2948 [01:44<08:58,  4.56it/s]
Downloading:  17%|█▋        | 493/2948 [01:44<08:37,  4.74it/s]
Downloading:  17%|█▋        | 494/2948 [01:44<08:10,  5.00it/s]
Downloading:  17%|█▋        | 495/2948 [01:44<08:03,  5.08it/s]
Downloading:  17%|█▋        | 496/2948 [01:44<07:48,  5.23it/s]
Downloading:  17%|█▋        | 497/2948 [01:44<07:22,  5.54it/s]
Downloading:  17%|█▋        | 498/2948 [01:45<07:20,  5.56it/s]
Downloading:  17%|█▋        | 499/2948 [01:45<07:55,  5.15it/s]
Downloading:  17%|█▋        | 500/2948 [01:45<08:17,  4.92it/s]
Downloading:  17%|█▋        | 501/2948 [01:45<08:15,  4.94it/s]
Downloading:  17%|█▋        | 502/2948 [01:45<08:01,  5.08it/s]
Downloading:  17%|█▋        | 503/2948 [01:46<07:43,  5.28it/s]
Downloading:  17%|█▋        | 504/2948 [01:46<07:25,  5.49it/s]
Downloading:  17%|█▋        | 505/2948 [01:46<07:57,  5.12it/s]
Downloading:  17%|█▋        | 506/2948 [01:46<07:55,  5.13it/s]
Downloading:  17%|█▋        | 507/2948 [01:46<07:41,  5.29it/s]
Downloading:  17%|█▋        | 508/2948 [01:47<07:43,  5.26it/s]
Downloading:  17%|█▋        | 509/2948 [01:47<07:49,  5.19it/s]
Downloading:  17%|█▋        | 510/2948 [01:47<08:09,  4.99it/s]
Downloading:  17%|█▋        | 511/2948 [01:47<08:08,  4.99it/s]
Downloading:  17%|█▋        | 512/2948 [01:47<08:40,  4.68it/s]
Downloading:  17%|█▋        | 513/2948 [01:48<08:28,  4.79it/s]
Downloading:  17%|█▋        | 514/2948 [01:48<08:27,  4.80it/s]
Downloading:  17%|█▋        | 515/2948 [01:48<08:20,  4.86it/s]
Downloading:  18%|█▊        | 516/2948 [01:48<08:07,  4.99it/s]
Downloading:  18%|█▊        | 517/2948 [01:48<08:00,  5.05it/s]
Downloading:  18%|█▊        | 518/2948 [01:49<07:40,  5.28it/s]
Downloading:  18%|█▊        | 519/2948 [01:49<07:39,  5.29it/s]
Downloading:  18%|█▊        | 520/2948 [01:49<07:41,  5.26it/s]
Downloading:  18%|█▊        | 521/2948 [01:49<07:40,  5.28it/s]
Downloading:  18%|█▊        | 522/2948 [01:49<08:26,  4.79it/s]
Downloading:  18%|█▊        | 523/2948 [01:50<08:07,  4.97it/s]
Downloading:  18%|█▊        | 524/2948 [01:50<08:09,  4.96it/s]
Downloading:  18%|█▊        | 525/2948 [01:50<09:40,  4.17it/s]
Downloading:  18%|█▊        | 526/2948 [01:50<09:02,  4.47it/s]
Downloading:  18%|█▊        | 527/2948 [01:51<10:15,  3.93it/s]
Downloading:  18%|█▊        | 528/2948 [01:51<09:43,  4.15it/s]
Downloading:  18%|█▊        | 529/2948 [01:51<09:01,  4.47it/s]
Downloading:  18%|█▊        | 530/2948 [01:51<08:40,  4.64it/s]
Downloading:  18%|█▊        | 531/2948 [01:51<07:52,  5.11it/s]
Downloading:  18%|█▊        | 532/2948 [01:52<07:14,  5.56it/s]
Downloading:  18%|█▊        | 533/2948 [01:52<07:59,  5.04it/s]
Downloading:  18%|█▊        | 534/2948 [01:52<07:51,  5.12it/s]
Downloading:  18%|█▊        | 535/2948 [01:52<07:53,  5.10it/s]
Downloading:  18%|█▊        | 536/2948 [01:52<07:56,  5.06it/s]
Downloading:  18%|█▊        | 537/2948 [01:53<07:48,  5.15it/s]
Downloading:  18%|█▊        | 538/2948 [01:53<08:32,  4.70it/s]
Downloading:  18%|█▊        | 539/2948 [01:53<08:06,  4.95it/s]
Downloading:  18%|█▊        | 540/2948 [01:53<08:59,  4.47it/s]
Downloading:  18%|█▊        | 541/2948 [01:54<09:49,  4.08it/s]
Downloading:  18%|█▊        | 542/2948 [01:54<08:58,  4.47it/s]
Downloading:  18%|█▊        | 543/2948 [01:54<08:34,  4.68it/s]
Downloading:  18%|█▊        | 544/2948 [01:54<08:13,  4.87it/s]
Downloading:  18%|█▊        | 545/2948 [01:54<07:51,  5.10it/s]
Downloading:  19%|█▊        | 546/2948 [01:54<07:36,  5.27it/s]
Downloading:  19%|█▊        | 547/2948 [01:55<07:39,  5.22it/s]
Downloading:  19%|█▊        | 548/2948 [01:55<07:41,  5.20it/s]
Downloading:  19%|█▊        | 549/2948 [01:55<08:40,  4.61it/s]
Downloading:  19%|█▊        | 550/2948 [01:55<08:45,  4.57it/s]
Downloading:  19%|█▊        | 551/2948 [01:56<08:14,  4.85it/s]
Downloading:  19%|█▊        | 552/2948 [01:56<07:51,  5.08it/s]
Downloading:  19%|█▉        | 553/2948 [01:56<07:42,  5.18it/s]
Downloading:  19%|█▉        | 554/2948 [01:56<07:36,  5.24it/s]
Downloading:  19%|█▉        | 555/2948 [01:56<07:51,  5.08it/s]
Downloading:  19%|█▉        | 556/2948 [01:57<08:44,  4.56it/s]
Downloading:  19%|█▉        | 557/2948 [01:57<08:50,  4.50it/s]
Downloading:  19%|█▉        | 558/2948 [01:57<08:24,  4.74it/s]
Downloading:  19%|█▉        | 559/2948 [01:57<09:01,  4.41it/s]
Downloading:  19%|█▉        | 560/2948 [01:57<08:30,  4.68it/s]
Downloading:  19%|█▉        | 561/2948 [01:58<08:19,  4.78it/s]
Downloading:  19%|█▉        | 562/2948 [01:58<07:58,  4.99it/s]
Downloading:  19%|█▉        | 563/2948 [01:58<07:52,  5.05it/s]
Downloading:  19%|█▉        | 564/2948 [01:58<08:06,  4.90it/s]
Downloading:  19%|█▉        | 565/2948 [01:58<07:46,  5.11it/s]
Downloading:  19%|█▉        | 566/2948 [01:59<08:32,  4.65it/s]
Downloading:  19%|█▉        | 567/2948 [01:59<08:19,  4.77it/s]
Downloading:  19%|█▉        | 568/2948 [01:59<08:01,  4.94it/s]
Downloading:  19%|█▉        | 569/2948 [01:59<07:43,  5.13it/s]
Downloading:  19%|█▉        | 570/2948 [01:59<07:51,  5.05it/s]
Downloading:  19%|█▉        | 571/2948 [02:00<07:35,  5.22it/s]
Downloading:  19%|█▉        | 572/2948 [02:00<08:48,  4.50it/s]
Downloading:  19%|█▉        | 573/2948 [02:00<08:25,  4.70it/s]
Downloading:  19%|█▉        | 574/2948 [02:00<07:57,  4.97it/s]
Downloading:  20%|█▉        | 575/2948 [02:00<07:31,  5.26it/s]
Downloading:  20%|█▉        | 576/2948 [02:01<07:25,  5.32it/s]
Downloading:  20%|█▉        | 577/2948 [02:01<08:21,  4.73it/s]
Downloading:  20%|█▉        | 578/2948 [02:01<08:01,  4.93it/s]
Downloading:  20%|█▉        | 579/2948 [02:01<08:49,  4.47it/s]
Downloading:  20%|█▉        | 580/2948 [02:02<08:38,  4.57it/s]
Downloading:  20%|█▉        | 581/2948 [02:02<08:02,  4.91it/s]
Downloading:  20%|█▉        | 582/2948 [02:02<08:50,  4.46it/s]
Downloading:  20%|█▉        | 583/2948 [02:02<08:49,  4.47it/s]
Downloading:  20%|█▉        | 584/2948 [02:02<08:14,  4.78it/s]
Downloading:  20%|█▉        | 585/2948 [02:03<08:41,  4.53it/s]
Downloading:  20%|█▉        | 586/2948 [02:03<07:53,  4.99it/s]
Downloading:  20%|█▉        | 587/2948 [02:03<08:59,  4.38it/s]
Downloading:  20%|█▉        | 588/2948 [02:03<08:52,  4.43it/s]
Downloading:  20%|█▉        | 589/2948 [02:03<08:07,  4.84it/s]
Downloading:  20%|██        | 590/2948 [02:04<09:00,  4.36it/s]
Downloading:  20%|██        | 591/2948 [02:04<08:45,  4.48it/s]
Downloading:  20%|██        | 592/2948 [02:04<08:05,  4.85it/s]
Downloading:  20%|██        | 593/2948 [02:04<07:38,  5.14it/s]
Downloading:  20%|██        | 594/2948 [02:05<08:49,  4.44it/s]
Downloading:  20%|██        | 595/2948 [02:05<08:21,  4.69it/s]
Downloading:  20%|██        | 596/2948 [02:05<08:03,  4.87it/s]
Downloading:  20%|██        | 597/2948 [02:05<08:41,  4.51it/s]
Downloading:  20%|██        | 598/2948 [02:05<08:11,  4.78it/s]
Downloading:  20%|██        | 599/2948 [02:06<07:43,  5.07it/s]
Downloading:  20%|██        | 600/2948 [02:06<07:55,  4.94it/s]
Downloading:  20%|██        | 601/2948 [02:06<07:33,  5.17it/s]
Downloading:  20%|██        | 602/2948 [02:06<07:34,  5.16it/s]
Downloading:  20%|██        | 603/2948 [02:06<07:38,  5.11it/s]
Downloading:  20%|██        | 604/2948 [02:06<07:22,  5.30it/s]
Downloading:  21%|██        | 605/2948 [02:07<07:14,  5.39it/s]
Downloading:  21%|██        | 606/2948 [02:07<07:07,  5.48it/s]
Downloading:  21%|██        | 607/2948 [02:07<08:07,  4.80it/s]
Downloading:  21%|██        | 608/2948 [02:07<07:41,  5.07it/s]
Downloading:  21%|██        | 609/2948 [02:07<07:41,  5.06it/s]
Downloading:  21%|██        | 610/2948 [02:08<07:21,  5.29it/s]
Downloading:  21%|██        | 611/2948 [02:08<07:11,  5.42it/s]
Downloading:  21%|██        | 612/2948 [02:08<07:23,  5.27it/s]
Downloading:  21%|██        | 613/2948 [02:08<07:13,  5.39it/s]
Downloading:  21%|██        | 614/2948 [02:08<07:13,  5.39it/s]
Downloading:  21%|██        | 615/2948 [02:09<07:20,  5.30it/s]
Downloading:  21%|██        | 616/2948 [02:09<07:40,  5.06it/s]
Downloading:  21%|██        | 617/2948 [02:09<07:25,  5.23it/s]
Downloading:  21%|██        | 618/2948 [02:09<07:30,  5.18it/s]
Downloading:  21%|██        | 619/2948 [02:09<07:37,  5.09it/s]
Downloading:  21%|██        | 620/2948 [02:10<07:22,  5.26it/s]
Downloading:  21%|██        | 621/2948 [02:10<07:24,  5.23it/s]
Downloading:  21%|██        | 622/2948 [02:10<06:52,  5.64it/s]
Downloading:  21%|██        | 623/2948 [02:10<07:11,  5.39it/s]
Downloading:  21%|██        | 624/2948 [02:10<08:16,  4.68it/s]
Downloading:  21%|██        | 625/2948 [02:11<07:49,  4.95it/s]
Downloading:  21%|██        | 626/2948 [02:11<07:33,  5.12it/s]
Downloading:  21%|██▏       | 627/2948 [02:11<07:32,  5.13it/s]
Downloading:  21%|██▏       | 628/2948 [02:11<07:26,  5.19it/s]
Downloading:  21%|██▏       | 629/2948 [02:11<06:57,  5.55it/s]
Downloading:  21%|██▏       | 630/2948 [02:12<07:45,  4.98it/s]
Downloading:  21%|██▏       | 631/2948 [02:12<07:52,  4.91it/s]
Downloading:  21%|██▏       | 632/2948 [02:12<08:14,  4.69it/s]
Downloading:  21%|██▏       | 633/2948 [02:12<08:16,  4.66it/s]
Downloading:  22%|██▏       | 634/2948 [02:12<07:55,  4.87it/s]
Downloading:  22%|██▏       | 635/2948 [02:13<07:42,  5.00it/s]
Downloading:  22%|██▏       | 636/2948 [02:13<07:32,  5.11it/s]
Downloading:  22%|██▏       | 637/2948 [02:13<07:18,  5.27it/s]
Downloading:  22%|██▏       | 638/2948 [02:13<07:43,  4.99it/s]
Downloading:  22%|██▏       | 639/2948 [02:13<07:12,  5.34it/s]
Downloading:  22%|██▏       | 640/2948 [02:13<07:11,  5.35it/s]
Downloading:  22%|██▏       | 641/2948 [02:14<07:10,  5.36it/s]
Downloading:  22%|██▏       | 642/2948 [02:14<07:14,  5.31it/s]
Downloading:  22%|██▏       | 643/2948 [02:14<07:07,  5.39it/s]
Downloading:  22%|██▏       | 644/2948 [02:14<07:16,  5.28it/s]
Downloading:  22%|██▏       | 645/2948 [02:14<07:09,  5.37it/s]
Downloading:  22%|██▏       | 646/2948 [02:15<08:08,  4.71it/s]
Downloading:  22%|██▏       | 647/2948 [02:15<08:01,  4.78it/s]
Downloading:  22%|██▏       | 648/2948 [02:15<07:17,  5.26it/s]
Downloading:  22%|██▏       | 649/2948 [02:15<07:17,  5.25it/s]
Downloading:  22%|██▏       | 650/2948 [02:15<07:28,  5.12it/s]
Downloading:  22%|██▏       | 651/2948 [02:16<07:44,  4.94it/s]
Downloading:  22%|██▏       | 652/2948 [02:16<08:18,  4.61it/s]
Downloading:  22%|██▏       | 653/2948 [02:16<08:01,  4.76it/s]
Downloading:  22%|██▏       | 654/2948 [02:16<07:55,  4.82it/s]
Downloading:  22%|██▏       | 655/2948 [02:17<08:59,  4.25it/s]
Downloading:  22%|██▏       | 656/2948 [02:17<08:25,  4.54it/s]
Downloading:  22%|██▏       | 657/2948 [02:17<07:54,  4.83it/s]
Downloading:  22%|██▏       | 658/2948 [02:17<08:39,  4.41it/s]
Downloading:  22%|██▏       | 659/2948 [02:17<08:07,  4.69it/s]
Downloading:  22%|██▏       | 660/2948 [02:18<07:55,  4.81it/s]
Downloading:  22%|██▏       | 661/2948 [02:18<07:47,  4.89it/s]
Downloading:  22%|██▏       | 662/2948 [02:18<07:31,  5.06it/s]
Downloading:  22%|██▏       | 663/2948 [02:18<07:33,  5.04it/s]
Downloading:  23%|██▎       | 664/2948 [02:18<06:57,  5.47it/s]
Downloading:  23%|██▎       | 665/2948 [02:19<08:34,  4.44it/s]
Downloading:  23%|██▎       | 666/2948 [02:19<08:25,  4.51it/s]
Downloading:  23%|██▎       | 667/2948 [02:19<07:51,  4.83it/s]
Downloading:  23%|██▎       | 668/2948 [02:19<07:34,  5.01it/s]
Downloading:  23%|██▎       | 669/2948 [02:19<07:58,  4.76it/s]
Downloading:  23%|██▎       | 670/2948 [02:20<07:51,  4.84it/s]
Downloading:  23%|██▎       | 671/2948 [02:20<08:33,  4.44it/s]
Downloading:  23%|██▎       | 672/2948 [02:20<08:28,  4.48it/s]
Downloading:  23%|██▎       | 673/2948 [02:20<08:47,  4.31it/s]
Downloading:  23%|██▎       | 674/2948 [02:21<08:09,  4.65it/s]
Downloading:  23%|██▎       | 675/2948 [02:21<08:16,  4.58it/s]
Downloading:  23%|██▎       | 676/2948 [02:21<07:50,  4.83it/s]
Downloading:  23%|██▎       | 677/2948 [02:21<07:43,  4.90it/s]
Downloading:  23%|██▎       | 678/2948 [02:21<07:21,  5.14it/s]
Downloading:  23%|██▎       | 679/2948 [02:22<07:24,  5.11it/s]
Downloading:  23%|██▎       | 680/2948 [02:22<07:21,  5.13it/s]
Downloading:  23%|██▎       | 681/2948 [02:22<07:20,  5.15it/s]
Downloading:  23%|██▎       | 682/2948 [02:22<08:10,  4.62it/s]
Downloading:  23%|██▎       | 683/2948 [02:22<07:50,  4.82it/s]
Downloading:  23%|██▎       | 684/2948 [02:23<07:23,  5.11it/s]
Downloading:  23%|██▎       | 685/2948 [02:23<07:50,  4.81it/s]
Downloading:  23%|██▎       | 686/2948 [02:23<08:06,  4.65it/s]
Downloading:  23%|██▎       | 687/2948 [02:23<08:07,  4.64it/s]
Downloading:  23%|██▎       | 688/2948 [02:23<08:06,  4.65it/s]
Downloading:  23%|██▎       | 689/2948 [02:24<07:40,  4.91it/s]
Downloading:  23%|██▎       | 690/2948 [02:24<07:22,  5.11it/s]
Downloading:  23%|██▎       | 691/2948 [02:24<07:00,  5.36it/s]
Downloading:  23%|██▎       | 692/2948 [02:24<07:06,  5.28it/s]
Downloading:  24%|██▎       | 693/2948 [02:24<07:02,  5.34it/s]
Downloading:  24%|██▎       | 694/2948 [02:25<06:53,  5.45it/s]
Downloading:  24%|██▎       | 695/2948 [02:25<06:44,  5.58it/s]
Downloading:  24%|██▎       | 696/2948 [02:25<06:53,  5.44it/s]
Downloading:  24%|██▎       | 697/2948 [02:25<06:36,  5.68it/s]
Downloading:  24%|██▎       | 698/2948 [02:25<06:34,  5.70it/s]
Downloading:  24%|██▎       | 699/2948 [02:25<06:47,  5.52it/s]
Downloading:  24%|██▎       | 700/2948 [02:26<06:54,  5.42it/s]
Downloading:  24%|██▍       | 701/2948 [02:26<06:57,  5.38it/s]
Downloading:  24%|██▍       | 702/2948 [02:26<06:29,  5.77it/s]
Downloading:  24%|██▍       | 703/2948 [02:26<06:38,  5.64it/s]
Downloading:  24%|██▍       | 704/2948 [02:26<07:14,  5.16it/s]
Downloading:  24%|██▍       | 705/2948 [02:27<06:55,  5.39it/s]
Downloading:  24%|██▍       | 706/2948 [02:27<06:52,  5.43it/s]
Downloading:  24%|██▍       | 707/2948 [02:27<07:05,  5.27it/s]
Downloading:  24%|██▍       | 708/2948 [02:27<06:54,  5.40it/s]
Downloading:  24%|██▍       | 709/2948 [02:27<07:01,  5.31it/s]
Downloading:  24%|██▍       | 710/2948 [02:27<07:00,  5.32it/s]
Downloading:  24%|██▍       | 711/2948 [02:28<06:59,  5.33it/s]
Downloading:  24%|██▍       | 712/2948 [02:28<07:10,  5.19it/s]
Downloading:  24%|██▍       | 713/2948 [02:28<07:32,  4.94it/s]
Downloading:  24%|██▍       | 714/2948 [02:28<07:25,  5.01it/s]
Downloading:  24%|██▍       | 715/2948 [02:28<07:43,  4.82it/s]
Downloading:  24%|██▍       | 716/2948 [02:29<07:18,  5.09it/s]
Downloading:  24%|██▍       | 717/2948 [02:29<07:15,  5.12it/s]
Downloading:  24%|██▍       | 718/2948 [02:29<07:01,  5.29it/s]
Downloading:  24%|██▍       | 719/2948 [02:29<07:07,  5.22it/s]
Downloading:  24%|██▍       | 720/2948 [02:29<06:52,  5.40it/s]
Downloading:  24%|██▍       | 721/2948 [02:30<06:47,  5.47it/s]
Downloading:  24%|██▍       | 722/2948 [02:30<06:55,  5.36it/s]
Downloading:  25%|██▍       | 723/2948 [02:30<06:57,  5.33it/s]
Downloading:  25%|██▍       | 724/2948 [02:30<07:02,  5.26it/s]
Downloading:  25%|██▍       | 725/2948 [02:30<06:51,  5.40it/s]
Downloading:  25%|██▍       | 726/2948 [02:31<06:55,  5.34it/s]
Downloading:  25%|██▍       | 727/2948 [02:31<06:55,  5.35it/s]
Downloading:  25%|██▍       | 728/2948 [02:31<07:41,  4.81it/s]
Downloading:  25%|██▍       | 729/2948 [02:31<07:29,  4.93it/s]
Downloading:  25%|██▍       | 730/2948 [02:31<07:32,  4.90it/s]
Downloading:  25%|██▍       | 731/2948 [02:32<07:19,  5.05it/s]
Downloading:  25%|██▍       | 732/2948 [02:32<07:13,  5.12it/s]
Downloading:  25%|██▍       | 733/2948 [02:32<07:14,  5.09it/s]
Downloading:  25%|██▍       | 734/2948 [02:32<07:43,  4.78it/s]
Downloading:  25%|██▍       | 735/2948 [02:32<07:20,  5.02it/s]
Downloading:  25%|██▍       | 736/2948 [02:33<07:08,  5.16it/s]
Downloading:  25%|██▌       | 737/2948 [02:33<07:15,  5.07it/s]
Downloading:  25%|██▌       | 738/2948 [02:33<07:13,  5.09it/s]
Downloading:  25%|██▌       | 739/2948 [02:33<07:25,  4.96it/s]
Downloading:  25%|██▌       | 740/2948 [02:33<08:11,  4.49it/s]
Downloading:  25%|██▌       | 741/2948 [02:34<08:18,  4.43it/s]
Downloading:  25%|██▌       | 742/2948 [02:34<07:37,  4.82it/s]
Downloading:  25%|██▌       | 743/2948 [02:34<07:14,  5.07it/s]
Downloading:  25%|██▌       | 744/2948 [02:34<07:17,  5.04it/s]
Downloading:  25%|██▌       | 745/2948 [02:34<07:09,  5.13it/s]
Downloading:  25%|██▌       | 746/2948 [02:35<07:23,  4.97it/s]
Downloading:  25%|██▌       | 747/2948 [02:35<07:21,  4.98it/s]
Downloading:  25%|██▌       | 748/2948 [02:35<07:52,  4.65it/s]
Downloading:  25%|██▌       | 749/2948 [02:35<07:14,  5.06it/s]
Downloading:  25%|██▌       | 750/2948 [02:35<07:18,  5.01it/s]
Downloading:  25%|██▌       | 751/2948 [02:36<07:30,  4.88it/s]
Downloading:  26%|██▌       | 752/2948 [02:36<07:02,  5.20it/s]
Downloading:  26%|██▌       | 753/2948 [02:36<07:55,  4.62it/s]
Downloading:  26%|██▌       | 754/2948 [02:36<07:26,  4.91it/s]
Downloading:  26%|██▌       | 755/2948 [02:36<07:22,  4.96it/s]
Downloading:  26%|██▌       | 756/2948 [02:37<07:13,  5.06it/s]
Downloading:  26%|██▌       | 757/2948 [02:37<07:20,  4.98it/s]
Downloading:  26%|██▌       | 758/2948 [02:37<06:57,  5.24it/s]
Downloading:  26%|██▌       | 759/2948 [02:37<07:03,  5.17it/s]
Downloading:  26%|██▌       | 760/2948 [02:37<07:48,  4.68it/s]
Downloading:  26%|██▌       | 761/2948 [02:38<07:18,  4.99it/s]
Downloading:  26%|██▌       | 762/2948 [02:38<07:55,  4.60it/s]
Downloading:  26%|██▌       | 763/2948 [02:38<08:15,  4.41it/s]
Downloading:  26%|██▌       | 764/2948 [02:38<07:53,  4.61it/s]
Downloading:  26%|██▌       | 765/2948 [02:38<07:27,  4.88it/s]
Downloading:  26%|██▌       | 766/2948 [02:39<07:41,  4.73it/s]
Downloading:  26%|██▌       | 767/2948 [02:39<07:26,  4.89it/s]
Downloading:  26%|██▌       | 768/2948 [02:39<08:13,  4.42it/s]
Downloading:  26%|██▌       | 769/2948 [02:39<07:42,  4.71it/s]
Downloading:  26%|██▌       | 770/2948 [02:40<08:21,  4.34it/s]
Downloading:  26%|██▌       | 771/2948 [02:40<07:45,  4.68it/s]
Downloading:  26%|██▌       | 772/2948 [02:40<07:21,  4.93it/s]
Downloading:  26%|██▌       | 773/2948 [02:40<07:06,  5.10it/s]
Downloading:  26%|██▋       | 774/2948 [02:40<07:51,  4.61it/s]
Downloading:  26%|██▋       | 775/2948 [02:41<07:39,  4.73it/s]
Downloading:  26%|██▋       | 776/2948 [02:41<08:27,  4.28it/s]
Downloading:  26%|██▋       | 777/2948 [02:41<07:55,  4.56it/s]
Downloading:  26%|██▋       | 778/2948 [02:41<07:41,  4.70it/s]
Downloading:  26%|██▋       | 779/2948 [02:41<07:24,  4.88it/s]
Downloading:  26%|██▋       | 780/2948 [02:42<07:13,  5.00it/s]
Downloading:  26%|██▋       | 781/2948 [02:42<08:05,  4.47it/s]
Downloading:  27%|██▋       | 782/2948 [02:42<07:36,  4.75it/s]
Downloading:  27%|██▋       | 783/2948 [02:42<07:12,  5.01it/s]
Downloading:  27%|██▋       | 784/2948 [02:43<08:55,  4.04it/s]
Downloading:  27%|██▋       | 785/2948 [02:43<08:20,  4.32it/s]
Downloading:  27%|██▋       | 786/2948 [02:43<08:37,  4.18it/s]
Downloading:  27%|██▋       | 787/2948 [02:43<08:03,  4.47it/s]
Downloading:  27%|██▋       | 788/2948 [02:44<07:50,  4.60it/s]
Downloading:  27%|██▋       | 789/2948 [02:44<07:25,  4.85it/s]
Downloading:  27%|██▋       | 790/2948 [02:44<07:49,  4.60it/s]
Downloading:  27%|██▋       | 791/2948 [02:44<08:11,  4.39it/s]
Downloading:  27%|██▋       | 792/2948 [02:44<08:02,  4.47it/s]
Downloading:  27%|██▋       | 793/2948 [02:45<07:37,  4.72it/s]
Downloading:  27%|██▋       | 794/2948 [02:45<07:28,  4.81it/s]
Downloading:  27%|██▋       | 795/2948 [02:45<07:02,  5.10it/s]
Downloading:  27%|██▋       | 796/2948 [02:45<07:36,  4.71it/s]
Downloading:  27%|██▋       | 797/2948 [02:45<07:26,  4.81it/s]
Downloading:  27%|██▋       | 798/2948 [02:46<08:05,  4.43it/s]
Downloading:  27%|██▋       | 799/2948 [02:46<07:57,  4.50it/s]
Downloading:  27%|██▋       | 800/2948 [02:46<07:20,  4.88it/s]
Downloading:  27%|██▋       | 801/2948 [02:46<08:00,  4.47it/s]
Downloading:  27%|██▋       | 802/2948 [02:46<07:28,  4.78it/s]
Downloading:  27%|██▋       | 803/2948 [02:47<08:01,  4.45it/s]
Downloading:  27%|██▋       | 804/2948 [02:47<07:36,  4.70it/s]
Downloading:  27%|██▋       | 805/2948 [02:47<08:04,  4.42it/s]
Downloading:  27%|██▋       | 806/2948 [02:47<07:53,  4.53it/s]
Downloading:  27%|██▋       | 807/2948 [02:48<08:31,  4.18it/s]
Downloading:  27%|██▋       | 808/2948 [02:48<07:54,  4.51it/s]
Downloading:  27%|██▋       | 809/2948 [02:48<07:45,  4.59it/s]
Downloading:  27%|██▋       | 810/2948 [02:48<07:21,  4.84it/s]
Downloading:  28%|██▊       | 811/2948 [02:49<07:56,  4.49it/s]
Downloading:  28%|██▊       | 812/2948 [02:49<07:19,  4.85it/s]
Downloading:  28%|██▊       | 813/2948 [02:49<08:30,  4.18it/s]
Downloading:  28%|██▊       | 814/2948 [02:49<08:20,  4.26it/s]
Downloading:  28%|██▊       | 815/2948 [02:49<07:35,  4.69it/s]
Downloading:  28%|██▊       | 816/2948 [02:50<08:04,  4.40it/s]
Downloading:  28%|██▊       | 817/2948 [02:50<08:48,  4.03it/s]
Downloading:  28%|██▊       | 818/2948 [02:50<08:22,  4.24it/s]
Downloading:  28%|██▊       | 819/2948 [02:50<08:33,  4.14it/s]
Downloading:  28%|██▊       | 820/2948 [02:51<08:31,  4.16it/s]
Downloading:  28%|██▊       | 821/2948 [02:51<08:01,  4.41it/s]
Downloading:  28%|██▊       | 822/2948 [02:51<07:53,  4.49it/s]
Downloading:  28%|██▊       | 823/2948 [02:51<07:31,  4.70it/s]
Downloading:  28%|██▊       | 824/2948 [02:51<07:22,  4.80it/s]
Downloading:  28%|██▊       | 825/2948 [02:52<07:56,  4.45it/s]
Downloading:  28%|██▊       | 826/2948 [02:52<07:28,  4.73it/s]
Downloading:  28%|██▊       | 827/2948 [02:52<07:55,  4.46it/s]
Downloading:  28%|██▊       | 828/2948 [02:52<07:28,  4.72it/s]
Downloading:  28%|██▊       | 829/2948 [02:53<07:15,  4.86it/s]
Downloading:  28%|██▊       | 830/2948 [02:53<08:11,  4.31it/s]
Downloading:  28%|██▊       | 831/2948 [02:53<07:40,  4.60it/s]
Downloading:  28%|██▊       | 832/2948 [02:53<08:03,  4.37it/s]
Downloading:  28%|██▊       | 833/2948 [02:53<07:34,  4.65it/s]
Downloading:  28%|██▊       | 834/2948 [02:54<08:28,  4.16it/s]
Downloading:  28%|██▊       | 835/2948 [02:54<07:49,  4.50it/s]
Downloading:  28%|██▊       | 836/2948 [02:54<08:58,  3.92it/s]
Downloading:  28%|██▊       | 837/2948 [02:54<08:15,  4.26it/s]
Downloading:  28%|██▊       | 838/2948 [02:55<07:32,  4.66it/s]
Downloading:  28%|██▊       | 839/2948 [02:55<08:00,  4.39it/s]
Downloading:  28%|██▊       | 840/2948 [02:55<07:48,  4.50it/s]
Downloading:  29%|██▊       | 841/2948 [02:56<10:12,  3.44it/s]
Downloading:  29%|██▊       | 842/2948 [02:56<08:56,  3.92it/s]
Downloading:  29%|██▊       | 843/2948 [02:56<08:15,  4.25it/s]
Downloading:  29%|██▊       | 844/2948 [02:56<07:33,  4.64it/s]
Downloading:  29%|██▊       | 845/2948 [02:56<09:04,  3.86it/s]
Downloading:  29%|██▊       | 846/2948 [02:57<08:49,  3.97it/s]
Downloading:  29%|██▊       | 847/2948 [02:57<08:20,  4.20it/s]
Downloading:  29%|██▉       | 848/2948 [02:57<07:40,  4.56it/s]
Downloading:  29%|██▉       | 849/2948 [02:57<07:13,  4.84it/s]
Downloading:  29%|██▉       | 850/2948 [02:57<07:49,  4.47it/s]
Downloading:  29%|██▉       | 851/2948 [02:58<07:51,  4.45it/s]
Downloading:  29%|██▉       | 852/2948 [02:58<07:23,  4.73it/s]
Downloading:  29%|██▉       | 853/2948 [02:58<07:50,  4.46it/s]
Downloading:  29%|██▉       | 854/2948 [02:58<07:27,  4.68it/s]
Downloading:  29%|██▉       | 855/2948 [02:58<07:09,  4.87it/s]
Downloading:  29%|██▉       | 856/2948 [02:59<07:49,  4.45it/s]
Downloading:  29%|██▉       | 857/2948 [02:59<07:48,  4.47it/s]
Downloading:  29%|██▉       | 858/2948 [02:59<07:24,  4.70it/s]
Downloading:  29%|██▉       | 859/2948 [02:59<08:09,  4.26it/s]
Downloading:  29%|██▉       | 860/2948 [03:00<07:43,  4.51it/s]